AgeConstraint testcases/scenarios/age-constraint.tessla testcases/scenarios/age-constraint.input testcases/scenarios/age-constraint.output 0
BuiltinMerge testcases/scenarios/builtin-merge.tessla testcases/scenarios/merge.input testcases/scenarios/merge.output 0
BurstyMcBurst testcases/scenarios/bursty-mcburst-pattern.tessla testcases/scenarios/bursty-mcburst-pattern.input testcases/scenarios/bursty-mcburst-pattern.output 0
ComparisonDerieved testcases/scenarios/comparison-derived.tessla testcases/scenarios/comparison-derived.input testcases/scenarios/comparison-derived.output 0
Comparison testcases/scenarios/comparison.tessla testcases/scenarios/comparison.input testcases/scenarios/comparison.output 0
Defined testcases/scenarios/defined.tessla testcases/scenarios/defined.input testcases/scenarios/defined.output 0
Delay testcases/scenarios/delay.tessla testcases/scenarios/delay.input testcases/scenarios/delay.output 0
EventCount testcases/scenarios/event-count.tessla testcases/scenarios/event-count.input testcases/scenarios/event-count.output 0
Folds testcases/scenarios/folds.tessla testcases/scenarios/folds.input testcases/scenarios/folds.output 0
FullLockset testcases/scenarios/full-lockset.tessla testcases/misc/empty.input testcases/scenarios/full-lockset.output 0
Objects testcases/objects/objects.tessla testcases/objects/objects.input testcases/objects/objects.output 0
Scoping testcases/objects/scoping.tessla testcases/objects/scoping.input testcases/objects/scoping.output 0
StreamsOfObjects testcases/objects/streams-of-objects.tessla testcases/objects/objects.input testcases/objects/streams-of-objects.output 0
Tuples testcases/objects/tuples.tessla testcases/objects/objects.input testcases/objects/tuples.output 0
Allout testcases/misc/allout.tessla testcases/misc/allout.input testcases/misc/allout.output 0
Blocks testcases/misc/blocks.tessla testcases/misc/blocks.input testcases/misc/blocks.output 0
Closures testcases/misc/closures.tessla testcases/misc/closures.input testcases/misc/closures.output 0
Comments testcases/misc/comments.tessla testcases/misc/comments.input testcases/misc/comments.output 0
Curry testcases/misc/curry.tessla testcases/misc/curry.input testcases/misc/curry.output 0
Currying testcases/misc/currying.tessla testcases/misc/currying.input testcases/misc/currying.output 0
DivisionByZeroAvoided testcases/misc/division-by-zero-avoided.tessla testcases/misc/division-by-zero-avoided.input testcases/misc/division-by-zero-avoided.output 0
FilterMisc testcases/misc/filter.tessla testcases/misc/filter.input testcases/misc/filter.output 0
LiftableAssignment testcases/misc/liftable-assignment.tessla testcases/misc/liftable-assignment.input testcases/misc/liftable-assignment.output 0
LiftedMacros testcases/misc/lifted-macros.tessla testcases/misc/lifted-macros.input testcases/misc/lifted-macros.output 0
ListSet testcases/misc/list-set.tessla testcases/misc/list-set.input testcases/misc/list-set.output 0
MacroCallInObjectLiteral testcases/misc/macro-call-in-object-literal.tessla testcases/misc/macro-call-in-object-literal.input testcases/misc/macro-call-in-object-literal.output 0
ManyArgAutoLift testcases/misc/many-arg-auto-lift.tessla testcases/misc/many-arg-auto-lift.input testcases/misc/many-arg-auto-lift.output 0
Mod testcases/misc/mod.tessla testcases/misc/mod.input testcases/misc/mod.output 0
Modules testcases/misc/modules.tessla testcases/misc/modules.input testcases/misc/modules.output 0
ObscureOptionBug testcases/misc/obscure-option-bug.tessla testcases/misc/obscure-option-bug.input testcases/misc/obscure-option-bug.output 0
Options testcases/misc/options.tessla testcases/misc/options.input testcases/misc/options.output 0
StaticIfInLiftedFunction testcases/misc/static-if-in-lifted-function.tessla testcases/misc/static-if-in-lifted-function.input testcases/misc/static-if-in-lifted-function.output 0
StdLibZero testcases/misc/stdlib.tessla testcases/misc/stdlib-zero.input testcases/misc/stdlib-zero.output 0
StdLib testcases/misc/stdlib.tessla testcases/misc/stdlib.input testcases/misc/stdlib.output 0
Strings testcases/misc/strings.tessla testcases/misc/strings.input testcases/misc/strings.output 0
UnaryOperators testcases/misc/unary_operators.tessla testcases/misc/unary_operators.input testcases/misc/unary_operators.output 0
Version testcases/misc/version.tessla testcases/misc/version.input testcases/misc/version.output 0
CurriedFunctionApp testcases/lift/curried-function-application.tessla testcases/lift/curried-function-application.input testcases/lift/curried-function-application.output 0
Filter testcases/lift/filter.tessla testcases/lift/filter.input testcases/lift/filter.output 0
HofInList testcases/lift/hof-in-lift.tessla testcases/lift/hof-in-lift.input testcases/lift/hof-in-lift.output 0
Merge testcases/lift/merge.tessla testcases/lift/merge.input testcases/lift/merge.output 0
Merge2 testcases/lift/merge2.tessla testcases/lift/merge.input testcases/lift/merge.output 0
SLift testcases/lift/slift.tessla testcases/lift/slift.input testcases/lift/slift.output 0
SLift3 testcases/lift/slift3.tessla testcases/lift/slift3.input testcases/lift/slift3.output 0
Unary testcases/lift/unary.tessla testcases/lift/unary.input testcases/lift/unary.output 0
Unary+Macros testcases/lift/unary+macros.tessla testcases/lift/unary+macros.input testcases/lift/unary+macros.output 0
Recursive testcases/functions/recursive.tessla testcases/functions/recursive.input testcases/functions/recursive.output 0
FunctionToBuiltin testcases/functions/pass-function-to-builtin.tessla testcases/functions/pass-function-to-builtin.input testcases/functions/pass-function-to-builtin.output 0
SelfToBuiltin testcases/functions/pass-self-to-builtin.tessla testcases/functions/pass-self-to-builtin.input testcases/functions/pass-self-to-builtin.output 0
ExpandRecursiveFunction testcases/functions/expand-recursive-function.tessla testcases/functions/expand-recursive-function.input testcases/functions/expand-recursive-function.output 0
IfThenElse testcases/functions/if-then-else.tessla testcases/functions/if-then-else.input testcases/functions/if-then-else.output 0
MemberAccess testcases/functions/member-access.tessla testcases/functions/member-access.input testcases/functions/member-access.output 0
Nested testcases/functions/nested.tessla testcases/functions/nested.input testcases/functions/nested.output 0
Objects testcases/functions/objects.tessla testcases/functions/objects.input testcases/functions/objects.output 0
CountingMap1 testcases/datastructures/counting_map.tessla testcases/datastructures/whole_lotta_xs.input testcases/datastructures/counting_map.output 0
CountingMap2 testcases/datastructures/counting_map2.tessla testcases/datastructures/whole_lotta_xs.input testcases/datastructures/counting_map.output 0
Remove testcases/datastructures/remove.tessla testcases/datastructures/remove.input testcases/datastructures/remove.output 0
SeenSet testcases/datastructures/seen_set.tessla testcases/datastructures/whole_lotta_xs.input testcases/datastructures/seen_set.output 0
SetFold testcases/datastructures/set_fold.tessla testcases/datastructures/set_fold.input testcases/datastructures/set_fold.output 0
SetUnionIntersection testcases/datastructures/set_union_intersection.tessla testcases/datastructures/set_union_intersection.input testcases/datastructures/set_union_intersection.output 0
